Panel 1990-01-31 -> 2026-07-31 rows 439
         count      mean      std  ...       50%       75%       max
VIX      439.0  19.47273  7.36451  ...  17.44000  23.37500  59.89000
IV       439.0   0.00361  0.00329  ...   0.00253   0.00455   0.02989
RV       439.0   0.00272  0.00532  ...   0.00144   0.00276   0.07236
VRP      439.0   0.00089  0.00339  ...   0.00096   0.00177   0.00872
mkt_rf   439.0   0.00745  0.04392  ...   0.01220   0.03420   0.13600
rf       439.0   0.00225  0.00186  ...   0.00210   0.00395   0.00690
spy_ret  402.0   0.00949  0.04260  ...   0.01347   0.03675   0.12698

[7 rows x 8 columns]
Missing VRP months: 0
                  VIX        IV        RV       VRP  mkt_rf
1990-01-31  25.360001  0.005359  0.002296  0.003063 -0.0780
1990-02-28  21.990000  0.004030  0.000792  0.003237  0.0112
1990-03-31  19.730000  0.003244  0.000776  0.002468  0.0183
                  VIX        IV        RV       VRP  mkt_rf   spy_ret
2026-05-31  15.320000  0.001956  0.000955  0.001001  0.0491  0.052626
2026-06-30  16.450001  0.002255  0.002446 -0.000191 -0.0107 -0.010293
2026-07-31  15.990000  0.002131  0.001217  0.000914 -0.0060  0.000348

== Design-period OOS forecasts (expanding from 1990, min 24 obs)
h=1: n=95 OOS R2=-0.0089 CW t=-0.03 p=0.512 mean slope=+3.303
h=3: n=91 OOS R2=-0.0049 CW t=+0.89 p=0.188 mean slope=+15.217

== Design-period strategies on French Mkt (Mkt-RF+RF), cost 2 bp, returns 1992-02..1999-12
                       ann_ex  ann_vol  sharpe  ...  turnover  cost_drag   n
name                                            ...                         
B1 buy&hold             0.145    0.127   1.147  ...     0.126      0.000  95
S1 VRP mean-var         0.135    0.125   1.089  ...     1.170      0.000  95
S0 hist-mean mean-var   0.144    0.127   1.140  ...     0.211      0.000  95
B2 SMA10                0.113    0.122   0.933  ...     1.137      0.000  95
B3 voltarget15          0.124    0.120   1.046  ...     0.639      0.000  95
S2 VRP q=0.1            0.122    0.125   0.985  ...     2.400      0.000  95
B4 VIX q=0.1            0.118    0.123   0.966  ...     2.653      0.001  95
S2 VRP q=0.2            0.102    0.121   0.847  ...     3.663      0.001  95
B4 VIX q=0.2            0.109    0.122   0.900  ...     2.653      0.001  95
S2 VRP q=0.3            0.102    0.119   0.865  ...     3.663      0.001  95
B4 VIX q=0.3            0.106    0.120   0.890  ...     2.400      0.000  95

[11 rows x 11 columns]

Chosen q (max design Sharpe of S2): 0.1 (design Sharpe 0.985)
Frozen params written: {
 "q": 0.1,
 "gamma": 3.0,
 "var_window": 60,
 "voltarget": 0.15,
 "sma": 10,
 "cost_bp": 2,
 "frozen_on": "design period 1992-02..1999-12"
}
