OK   Bollerslev, Tim; Tauchen, George; Zhou, Hao (2009). Expected Stock Returns and Variance Risk Premia. Review of Financial Studies 22(11) 4463-4492. DOI 10.1093/rfs/hhp008
OK   Carr, Peter; Wu, Liuren (2009). Variance Risk Premiums. Review of Financial Studies 22(3) 1311-1341. DOI 10.1093/rfs/hhn038
OK   DRIESSEN, JOOST; MAENHOUT, PASCAL J.; VILKOV, GRIGORY (2009). The Price of Correlation Risk: Evidence from Equity Options. The Journal of Finance 64(3) 1377-1406. DOI 10.1111/j.1540-6261.2009.01467.x
OK   Campbell, John Y.; Thompson, Samuel B. (2008). Predicting Excess Stock Returns Out of Sample: Can Anything Beat the Historical Average?. Review of Financial Studies 21(4) 1509-1531. DOI 10.1093/rfs/hhm055
OK   Clark, Todd E.; West, Kenneth D. (2007). Approximately normal tests for equal predictive accuracy in nested models. Journal of Econometrics 138(1) 291-311. DOI 10.1016/j.jeconom.2006.05.023
OK   Welch, Ivo; Goyal, Amit (2008). A Comprehensive Look at The Empirical Performance of Equity Premium Prediction. Review of Financial Studies 21(4) 1455-1508. DOI 10.1093/rfs/hhm014
OK   Lo, Andrew W. (2002). The Statistics of Sharpe Ratios. Financial Analysts Journal 58(4) 36-52. DOI 10.2469/faj.v58.n4.2453
OK   Bakshi, Gurdip; Kapadia, Nikunj (2003). Delta-Hedged Gains and the Negative Market Volatility Risk Premium. Review of Financial Studies 16(2) 527-566. DOI 10.1093/rfs/hhg002
OK   MOREIRA, ALAN; MUIR, TYLER (2017). Volatility‐Managed Portfolios. The Journal of Finance 72(4) 1611-1644. DOI 10.1111/jofi.12513
OK   Politis, Dimitris N.; Romano, Joseph P. (1994). The Stationary Bootstrap. Journal of the American Statistical Association 89(428) 1303-1313. DOI 10.1080/01621459.1994.10476870
OK   Back, Kerry; Crane, Alan D; Crotty, Kevin (2018). Skewness Consequences of Seeking Alpha. The Review of Financial Studies 31(12) 4720-4761. DOI 10.1093/rfs/hhy029
OK   Bekaert, Geert; Hoerova, Marie (2014). The VIX, the variance premium and stock market volatility. Journal of Econometrics 183(2) 181-192. DOI 10.1016/j.jeconom.2014.05.008
OK   Correa, Ricardo; Lel, Ugur (2016). Say on pay laws, executive compensation, pay slice, and firm valuation around the world. Journal of Financial Economics 122(3) 500-520. DOI 10.1016/j.jfineco.2016.09.003
OK   Newey, Whitney K.; West, Kenneth D. (1987). A Simple, Positive Semi-Definite, Heteroskedasticity and Autocorrelation Consistent Covariance Matrix. Econometrica 55(3) 703. DOI 10.2307/1913610

QUERY: Volmageddon and the failure of short volatility products Augustin
    Augustin, Patrick; Cheng, Ing-Haw; Van den Bergen, Ludovic (2021). Volmageddon and the Failure of Short Volatility Products. SSRN Electronic Journal () . DOI 10.2139/ssrn.3819342
    Augustin, Patrick; Cheng, Ing-Haw; Van den Bergen, Ludovic (2021). Volmageddon and the Failure of Short Volatility Products. Financial Analysts Journal 77(3) 35-51. DOI 10.1080/0015198x.2021.1913040
    Augustin, Patrick (2016). Ambiguity, Volatility, and Credit Risk. SSRN Electronic Journal () . DOI 10.2139/ssrn.2776377
     (None). Volatility Products. Smile Pricing Explained () . DOI 10.1057/9781137335722.0014

QUERY: correlation risk premium dispersion trading index options
    Nunes, Chrisler (2026). Dispersion Trading and Implied Correlation Risk Premium.  () . DOI 10.2139/ssrn.6413578
    Nunes, Chrisler (2026). Volatility Arbitrage via Dispersion Trading &amp;amp; Implied Correlation in Indian Equity Index Options.  () . DOI 10.2139/ssrn.6416558
    Fouhy, Andrew (2026). Hierarchical Machine Learning for Variance Risk Premium Estimation: From VIX Forecasting to Options Trading.  () . DOI 10.2139/ssrn.6570380
     (2017). Index. Trading Options for Edge () 207-218. DOI 10.1515/9781501505676-017

QUERY: Dispersion trading Deng
    Deng, Qian (2008). Volatility Dispersion Trading.  () . DOI 10.2139/ssrn.1156620
    Vonhoff, Volker (2011). Dispersion Trading.  () . DOI 10.2139/ssrn.1889147
     (2012). Dispersion. Exotic Options Trading () 151-156. DOI 10.1002/9781119208730.ch24
    Vidhani, Nikhil (2020). Trading Volume and Dispersion of Signals.  () . DOI 10.2139/ssrn.3682088

QUERY: Price of correlation risk dispersion Driessen Maenhout Vilkov review
    Driessen, Joost; Maenhout, Pascal J.; Vilkov, Grigory (2005). The Price of Correlation Risk: Evidence from Equity Options.  () . DOI 10.2139/ssrn.673425
    Driessen, Joost; Maenhout, Pascal J.; Vilkov, Grigory (2013). Option-Implied Correlations and the Price of Correlation Risk.  () . DOI 10.2139/ssrn.2359380
    Driessen, Joost; Maenhout, Pascal J.; Vilkov, Grigory (2012). Option-Implied Correlations and the Price of Correlation Risk. SSRN Electronic Journal () . DOI 10.2139/ssrn.2166829
    DRIESSEN, JOOST; MAENHOUT, PASCAL J.; VILKOV, GRIGORY (2009). The Price of Correlation Risk: Evidence from Equity Options. The Journal of Finance 64(3) 1377-1406. DOI 10.1111/j.1540-6261.2009.01467.x
