OK   10.1093/rfs/hhp008
     claim : Bollerslev Tauchen Zhou 2009 RFS 22(11) 4463-4492
     crossref: Bollerslev; Tauchen; Zhou (2009) Expected Stock Returns and Variance Risk Premia | Review of Financial Studies 22(11) 4463-4492
OK   10.1093/rfs/hhn038
     claim : Carr Wu 2009 RFS 22(3) 1311-1341
     crossref: Carr; Wu (2009) Variance Risk Premiums | Review of Financial Studies 22(3) 1311-1341
OK   10.1111/j.1540-6261.2009.01467.x
     claim : Driessen Maenhout Vilkov 2009 JF 64(3) 1377-1406
     crossref: DRIESSEN; MAENHOUT; VILKOV (2009) The Price of Correlation Risk: Evidence from Equity Options | The Journal of Finance 64(3) 1377-1406
OK   10.1093/rfs/hhg002
     claim : Bakshi Kapadia 2003 RFS 16(2) 527-566
     crossref: Bakshi; Kapadia (2003) Delta-Hedged Gains and the Negative Market Volatility Risk Premium | Review of Financial Studies 16(2) 527-566
OK   10.1016/j.jfineco.2016.04.003
     claim : Dew-Becker Giglio Le Rodriguez 2017 JFE 123(2) 225-250
     crossref: Dew-Becker; Giglio; Le; Rodriguez (2017) The price of variance risk | Journal of Financial Economics 123(2) 225-250
OK   10.1016/j.jeconom.2014.05.008
     claim : Bekaert Hoerova 2014 JEconometrics 183(2) 181-192
     crossref: Bekaert; Hoerova (2014) The VIX, the variance premium and stock market volatility | Journal of Econometrics 183(2) 181-192
OK   10.1093/rfs/hhy062
     claim : Cheng 2019 RFS 32(1) 180-227
     crossref: Cheng (2019) The VIX Premium | The Review of Financial Studies 32(1) 180-227
OK   10.1080/0015198x.2021.1913040
     claim : Augustin Cheng Van den Bergen 2021 FAJ 77(3) 35-51
     crossref: Augustin; Cheng; Van den Bergen (2021) Volmageddon and the Failure of Short Volatility Products | Financial Analysts Journal 77(3) 35-51
OK   10.1093/rfs/hhm055
     claim : Campbell Thompson 2008 RFS 21(4) 1509-1531
     crossref: Campbell; Thompson (2008) Predicting Excess Stock Returns Out of Sample: Can Anything Beat the Historical Average? | Review of Financial Studies 21(4) 1509-1531
OK   10.1016/j.jeconom.2006.05.023
     claim : Clark West 2007 JEconometrics 138(1) 291-311
     crossref: Clark; West (2007) Approximately normal tests for equal predictive accuracy in nested models | Journal of Econometrics 138(1) 291-311
OK   10.1093/rfs/hhm014
     claim : Welch Goyal 2008 RFS 21(4) 1455-1508
     crossref: Welch; Goyal (2008) A Comprehensive Look at The Empirical Performance of Equity Premium Prediction | Review of Financial Studies 21(4) 1455-1508
OK   10.2469/faj.v58.n4.2453
     claim : Lo 2002 FAJ 58(4) 36-52
     crossref: Lo (2002) The Statistics of Sharpe Ratios | Financial Analysts Journal 58(4) 36-52
OK   10.1080/01621459.1994.10476870
     claim : Politis Romano 1994 JASA 89(428) 1303-1313
     crossref: Politis; Romano (1994) The Stationary Bootstrap | Journal of the American Statistical Association 89(428) 1303-1313
OK   10.2307/1913610
     claim : Newey West 1987 Econometrica 55(3) 703
     crossref: Newey; West (1987) A Simple, Positive Semi-Definite, Heteroskedasticity and Autocorrelation Consistent Covariance Matrix | Econometrica 55(3) 703
OK   10.1111/jofi.12513
     claim : Moreira Muir 2017 JF 72(4) 1611-1644
     crossref: MOREIRA; MUIR (2017) Volatility‐Managed Portfolios | The Journal of Finance 72(4) 1611-1644
