SVXY daily |ret|>15%:
Date
2011-11-09   -0.1918
2015-06-29   -0.1649
2015-08-21   -0.1630
2015-08-24   -0.1882
2016-06-13   -0.1503
2016-06-24   -0.2645
2016-09-09   -0.1603
2017-05-17   -0.1826
2017-08-17   -0.1661
2018-02-05   -0.3199
2018-02-06   -0.8296
2018-02-08   -0.2230
2020-03-16   -0.1953
2020-06-11   -0.1693
2024-08-05   -0.2143
VXX daily |ret|>15%:
Date
2018-02-05    0.3352
2018-02-08    0.2389
2018-03-22    0.1515
2018-10-10    0.1675
2019-05-07    0.1664
2019-05-13    0.1511
2020-02-24    0.1859
2020-02-27    0.1622
2020-03-05    0.1600
2020-03-09    0.2394
2020-03-12    0.2250
2020-03-16    0.3706
2020-03-18    0.1793
2020-03-23   -0.1556
2020-06-11    0.3367
2021-01-27    0.1773
2021-02-25    0.1595
2021-05-12    0.1744
2021-11-26    0.2730
2021-11-29   -0.1571
2021-11-30    0.1546
2024-08-02    0.2409
2024-08-05    0.3922
2024-08-06   -0.1924
2024-09-03    0.2031
2024-12-18    0.1678
2025-04-03    0.2476
2025-04-04    0.1978
2025-04-09   -0.2064
2025-04-10    0.1683

French-market realised vol (annualised, sqrt(12*RV_month)) 2008-09..2008-12:
2008-09-30    51.3
2008-10-31    80.8
2008-11-30    64.8
2008-12-31    49.4
Freq: ME

^PUT maxDD with 2020-03-13 bad print removed: -37.1% (trough 2009-03-09); 2020 worst DD -28.9%
