== V1 data checks
fresh Yahoo vs builder returns: max |diff| 2.14e-06; cells with |diff|>1e-6: 3014 of 417739; worst LIN 
fresh SPY vs builder SPY: max |diff| 1.71e-06
forward-filled price cells in the 83-stock panel: 0
daily |r|>20%: 135 events: [(datetime.date(2005, 1, 11), 'AMD', np.float64(-0.262)), (datetime.date(2005, 4, 22), 'ISRG', np.float64(-0.206)), (datetime.date(2005, 7, 27), 'ISRG', np.float64(0.264)), (datetime.date(2005, 10, 26), 'ISRG', np.float64(0.253)), (datetime.date(2005, 11, 3), 'BKNG', np.float64(0.262)), (datetime.date(2006, 4, 28), 'ISRG', np.float64(0.231)), (datetime.date(2006, 7, 25), 'NFLX', np.float64(-0.21)), (datetime.date(2006, 7, 26), 'AMZN', np.float64(-0.218)), (datetime.date(2007, 4, 25), 'AMZN', np.float64(0.269)), (datetime.date(2007, 7, 20), 'ISRG', np.float64(0.323)), (datetime.date(2007, 7, 25), 'AMZN', np.float64(0.244)), (datetime.date(2007, 8, 8), 'BKNG', np.float64(0.222)), (datetime.date(2007, 11, 9), 'BKNG', np.float64(0.23)), (datetime.date(2008, 2, 1), 'ISRG', np.float64(0.203)), (datetime.date(2008, 2, 15), 'BKNG', np.float64(0.212)), (datetime.date(2008, 4, 22), 'NFLX', np.float64(-0.237)), (datetime.date(2008, 7, 3), 'NVDA', np.float64(-0.307)), (datetime.date(2008, 7, 16), 'BAC', np.float64(0.224)), (datetime.date(2008, 7, 16), 'WFC', np.float64(0.328)), (datetime.date(2008, 9, 15), 'BAC', np.float64(-0.213)), (datetime.date(2008, 9, 17), 'MS', np.float64(-0.242)), (datetime.date(2008, 9, 19), 'BAC', np.float64(0.226)), (datetime.date(2008, 9, 19), 'C', np.float64(0.24)), (datetime.date(2008, 9, 19), 'GS', np.float64(0.202)), (datetime.date(2008, 9, 19), 'MS', np.float64(0.207)), (datetime.date(2008, 9, 29), 'BNY', np.float64(-0.272)), (datetime.date(2008, 9, 30), 'AMD', np.float64(0.224)), (datetime.date(2008, 9, 30), 'BNY', np.float64(0.229)), (datetime.date(2008, 9, 30), 'UNH', np.float64(0.209)), (datetime.date(2008, 10, 7), 'BAC', np.float64(-0.262)), (datetime.date(2008, 10, 7), 'MS', np.float64(-0.249)), (datetime.date(2008, 10, 9), 'MS', np.float64(-0.259)), (datetime.date(2008, 10, 10), 'MS', np.float64(-0.222)), (datetime.date(2008, 10, 13), 'CVX', np.float64(0.209)), (datetime.date(2008, 10, 13), 'GS', np.float64(0.25)), (datetime.date(2008, 10, 13), 'ISRG', np.float64(0.213)), (datetime.date(2008, 10, 13), 'MS', np.float64(0.87)), (datetime.date(2008, 10, 13), 'UNH', np.float64(0.348)), (datetime.date(2008, 10, 14), 'MS', np.float64(0.212)), (datetime.date(2008, 10, 28), 'CMCSA', np.float64(0.245)), (datetime.date(2008, 11, 19), 'C', np.float64(-0.234)), (datetime.date(2008, 11, 20), 'C', np.float64(-0.264)), (datetime.date(2008, 11, 24), 'AMT', np.float64(0.202)), (datetime.date(2008, 11, 24), 'BAC', np.float64(0.272)), (datetime.date(2008, 11, 24), 'BNY', np.float64(0.248)), (datetime.date(2008, 11, 24), 'C', np.float64(0.578)), (datetime.date(2008, 11, 24), 'GS', np.float64(0.265)), (datetime.date(2008, 11, 24), 'JPM', np.float64(0.214)), (datetime.date(2008, 11, 24), 'MS', np.float64(0.331)), (datetime.date(2008, 12, 1), 'BAC', np.float64(-0.209)), (datetime.date(2008, 12, 1), 'C', np.float64(-0.222)), (datetime.date(2008, 12, 1), 'COF', np.float64(-0.212)), (datetime.date(2008, 12, 1), 'MS', np.float64(-0.231)), (datetime.date(2008, 12, 18), 'MU', np.float64(0.203)), (datetime.date(2009, 1, 14), 'C', np.float64(-0.232)), (datetime.date(2009, 1, 20), 'BAC', np.float64(-0.29)), (datetime.date(2009, 1, 20), 'JPM', np.float64(-0.207)), (datetime.date(2009, 1, 20), 'WFC', np.float64(-0.238)), (datetime.date(2009, 1, 21), 'BAC', np.float64(0.31)), (datetime.date(2009, 1, 21), 'BNY', np.float64(0.226)), (datetime.date(2009, 1, 21), 'C', np.float64(0.311)), (datetime.date(2009, 1, 21), 'JPM', np.float64(0.251)), (datetime.date(2009, 1, 21), 'MS', np.float64(0.287)), (datetime.date(2009, 1, 28), 'WFC', np.float64(0.309)), (datetime.date(2009, 2, 6), 'BAC', np.float64(0.267)), (datetime.date(2009, 2, 20), 'C', np.float64(-0.223)), (datetime.date(2009, 2, 24), 'BAC', np.float64(0.21)), (datetime.date(2009, 2, 24), 'C', np.float64(0.215)), (datetime.date(2009, 2, 24), 'COF', np.float64(0.239)), (datetime.date(2009, 2, 27), 'BAC', np.float64(-0.258)), (datetime.date(2009, 2, 27), 'C', np.float64(-0.39)), (datetime.date(2009, 3, 10), 'BAC', np.float64(0.277)), (datetime.date(2009, 3, 10), 'C', np.float64(0.381)), (datetime.date(2009, 3, 10), 'JPM', np.float64(0.226)), (datetime.date(2009, 3, 10), 'MS', np.float64(0.265)), (datetime.date(2009, 3, 12), 'COF', np.float64(0.23)), (datetime.date(2009, 3, 16), 'C', np.float64(0.309)), (datetime.date(2009, 3, 18), 'BAC', np.float64(0.223)), (datetime.date(2009, 3, 18), 'C', np.float64(0.227)), (datetime.date(2009, 3, 23), 'BAC', np.float64(0.26)), (datetime.date(2009, 3, 23), 'COF', np.float64(0.201)), (datetime.date(2009, 3, 23), 'JPM', np.float64(0.247)), (datetime.date(2009, 3, 23), 'MS', np.float64(0.207)), (datetime.date(2009, 3, 23), 'WFC', np.float64(0.239)), (datetime.date(2009, 3, 30), 'COF', np.float64(-0.202)), (datetime.date(2009, 4, 9), 'BAC', np.float64(0.353)), (datetime.date(2009, 4, 9), 'COF', np.float64(0.264)), (datetime.date(2009, 4, 9), 'USB', np.float64(0.228)), (datetime.date(2009, 4, 9), 'WFC', np.float64(0.317)), (datetime.date(2009, 4, 13), 'C', np.float64(0.25)), (datetime.date(2009, 4, 20), 'BAC', np.float64(-0.243)), (datetime.date(2009, 4, 20), 'COF', np.float64(-0.25)), (datetime.date(2009, 4, 21), 'USB', np.float64(0.209)), (datetime.date(2009, 4, 24), 'AXP', np.float64(0.206)), (datetime.date(2009, 5, 4), 'WFC', np.float64(0.237)), (datetime.date(2009, 7, 23), 'ISRG', np.float64(0.268)), (datetime.date(2009, 10, 23), 'AMZN', np.float64(0.268)), (datetime.date(2009, 11, 5), 'CVS', np.float64(-0.201)), (datetime.date(2009, 11, 12), 'AMD', np.float64(0.218)), (datetime.date(2010, 1, 28), 'NFLX', np.float64(0.237)), (datetime.date(2010, 8, 4), 'BKNG', np.float64(0.219)), (datetime.date(2011, 8, 8), 'BAC', np.float64(-0.203)), (datetime.date(2011, 10, 25), 'NFLX', np.float64(-0.349)), (datetime.date(2011, 11, 16), 'MU', np.float64(0.234)), (datetime.date(2012, 1, 26), 'NFLX', np.float64(0.221)), (datetime.date(2012, 7, 25), 'NFLX', np.float64(-0.25)), (datetime.date(2013, 1, 24), 'NFLX', np.float64(0.422)), (datetime.date(2013, 4, 23), 'NFLX', np.float64(0.244)), (datetime.date(2016, 4, 22), 'AMD', np.float64(0.523)), (datetime.date(2016, 11, 11), 'NVDA', np.float64(0.298)), (datetime.date(2017, 5, 2), 'AMD', np.float64(-0.242)), (datetime.date(2019, 4, 16), 'QCOM', np.float64(0.232)), (datetime.date(2020, 3, 9), 'COP', np.float64(-0.248)), (datetime.date(2020, 3, 13), 'ORCL', np.float64(0.204)), (datetime.date(2020, 3, 16), 'AMAT', np.float64(-0.204)), (datetime.date(2020, 3, 16), 'BA', np.float64(-0.238)), (datetime.date(2020, 3, 16), 'COF', np.float64(-0.239)), (datetime.date(2020, 3, 16), 'LOW', np.float64(-0.248)), (datetime.date(2020, 3, 18), 'CVX', np.float64(-0.221)), (datetime.date(2020, 3, 24), 'AXP', np.float64(0.219)), (datetime.date(2020, 3, 24), 'BA', np.float64(0.209)), (datetime.date(2020, 3, 24), 'COP', np.float64(0.252)), (datetime.date(2020, 3, 24), 'CVX', np.float64(0.227)), (datetime.date(2020, 3, 24), 'INTU', np.float64(0.201)), (datetime.date(2020, 3, 24), 'LRCX', np.float64(0.203)), (datetime.date(2020, 3, 25), 'BA', np.float64(0.243)), (datetime.date(2020, 8, 26), 'CRM', np.float64(0.26)), (datetime.date(2020, 11, 9), 'AXP', np.float64(0.214)), (datetime.date(2022, 1, 21), 'NFLX', np.float64(-0.218)), (datetime.date(2022, 4, 20), 'NFLX', np.float64(-0.351)), (datetime.date(2022, 9, 16), 'FDX', np.float64(-0.214)), (datetime.date(2023, 5, 25), 'NVDA', np.float64(0.244)), (datetime.date(2024, 7, 26), 'MMM', np.float64(0.23)), (datetime.date(2024, 8, 2), 'INTC', np.float64(-0.261)), (datetime.date(2024, 8, 13), 'SBUX', np.float64(0.245))]
longest run of exactly-zero daily returns (top 5): [('AMAT', 3), ('ACN', 2), ('AMD', 2), ('AMZN', 2), ('BA', 2)]
DHR raw adjusted-close move on 2016-07-05 (builder set to 0): +0.612

== V2 independent engine vs lib.backtest, TEST 2015-2024, 5 bp
LR1     LO=False builder SRg +0.496 SRn -2.014 turn  796.08 | independent SRg +0.496 SRn -2.014 turn  796.08 BE +1.00 bp | max|daily diff| 1.4e-17
LR5     LO=False builder SRg +0.320 SRn -0.187 turn  164.08 | independent SRg +0.320 SRn -0.187 turn  164.08 BE +3.15 bp | max|daily diff| 1.4e-17
LR12_1  LO=False builder SRg +0.383 SRn +0.350 turn   12.86 | independent SRg +0.383 SRn +0.350 turn   12.86 BE +56.54 bp | max|daily diff| 2.8e-17
MOM12_1 LO=False builder SRg +0.211 SRn +0.180 turn   13.17 | independent SRg +0.211 SRn +0.180 turn   13.17 BE +33.78 bp | max|daily diff| 4.9e-17
REV5    LO=False builder SRg +0.239 SRn -0.215 turn  163.68 | independent SRg +0.239 SRn -0.215 turn  163.68 BE +2.63 bp | max|daily diff| 1.4e-17
LR12_1  LO=True  builder SRg +0.921 SRn +0.907 turn    5.80 | independent SRg +0.921 SRn +0.907 turn    5.80 BE +377.75 bp | max|daily diff| 5.6e-17

== V3 Newey-West lag sensitivity (TEST)
lags  0: LR12_1 LS net t +1.10 | LO excess over EW t +1.63 | A2 intercept vs MOM t +1.98
lags  5: LR12_1 LS net t +1.17 | LO excess over EW t +1.77 | A2 intercept vs MOM t +2.04
lags 10: LR12_1 LS net t +1.21 | LO excess over EW t +1.85 | A2 intercept vs MOM t +2.05
lags 21: LR12_1 LS net t +1.28 | LO excess over EW t +1.96 | A2 intercept vs MOM t +2.00
lags 63: LR12_1 LS net t +1.39 | LO excess over EW t +2.07 | A2 intercept vs MOM t +1.97
monthly returns (n=120): A2 intercept +0.034/yr t +2.10; LO excess +0.051/yr t +1.84

== V4 placebo: effect of removing the top-5 leave-one-out contributors on long-only excess (monthly, 16 names)
fast engine on LR12_1: full excess +0.0567/yr (builder A3: +0.057), without top-5 -0.0019 (builder: -0.002), top5 ['NVDA', 'AMD', 'NFLX', 'AMAT', 'LRCX']
200 random-pick placebos (241s): full excess mean -0.0091 sd 0.0158; after removing own top-5 contributors mean -0.0256; drop mean +0.0165, 5-95% [+0.0084,+0.0249]
LR12_1 drop +0.0586; share of placebos with drop >= LR12_1's: 0.000; share of placebos with full excess >= LR12_1's +0.0567: 0.000

== V5 Bonferroni over the builder's 70 counted variants
LR12_1 LO excess (p=0.064): raw p 0.064 -> Bonferroni(70) 1.00
A2 intercept t=2.05: raw p 0.040 -> Bonferroni(70) 1.00
LR12_1 LS net (p=0.228): raw p 0.228 -> Bonferroni(70) 1.00

== V6 long-only Sharpe (xRF) vs SPY, TEST
SPY SR xRF +0.687; long-only variants with SR > SPY: 7 of 14 (LR21, LR12_1, NR21, NR12_1, MOM12_1, REV21, IREV5); EW-83 SR +0.810
long-short net SR range -2.01..+0.35
EW-83 daily-rebalanced, no cost, SR xRF +0.817

== V7 A1: held industries with missing returns (filled with 0 by robust.py)
days on which a MOM12_1 industry position had a missing return: 12

runtime 266s
