design data 2005-01-03..2014-12-31  (2517, 83)
max |cube - fractional_matrix_power| on 3 test days: 0.00e+00
graph stats (design): {'isolated_share_daily_graph': 0.0017, 'neg_edge_share_daily_graph': 0.0009, 'edge_density_daily_graph': 0.6452, 'isolated_share_spillover_graph': 0.0018}

== DESIGN period 2005-2014, quintile long-short (16/16 of 83), 5 bp one-way; sign +1 = continuation, -1 = reversal
             freq       start  days  ann_gross  ann_net  SR_gross  SR_net  t_gross  t_net  p_net      SR_net_CI  turn_yr  cost_yr  breakeven_bp  maxDD
signal  sign                                                                                                                                          
LR1      1      D  2005-03-31  2457     -0.059   -0.454    -0.338  -2.572   -1.042 -7.936 +0.000  [-3.28,-1.90] +789.983   +0.395        -0.745 -0.990
        -1      D  2005-03-31  2457     +0.059   -0.336    +0.338  -1.945   +1.042 -6.000 +0.000  [-2.78,-1.20] +789.058   +0.395        +0.746 -0.967
LR5      1      W  2005-04-08  2451     -0.203   -0.286    -1.094  -1.540   -2.953 -4.139 +0.000  [-2.14,-0.93] +165.217   +0.083       -12.296 -0.949
        -1      W  2005-04-08  2451     +0.195   +0.113    +1.077  +0.621   +3.053 +1.771 +0.077  [-0.07,+1.26] +164.142   +0.082       +11.878 -0.322
LR21     1      M  2005-04-29  2436     +0.023   +0.004    +0.137  +0.023   +0.476 +0.080 +0.937  [-0.56,+0.55]  +38.382   +0.019        +6.001 -0.325
        -1      M  2005-04-29  2436     -0.010   -0.029    -0.058  -0.168   -0.209 -0.599 +0.549  [-0.67,+0.38]  +38.320   +0.019        -2.673 -0.516
LR12_1   1      M  2006-03-31  2204     +0.025   +0.018    +0.131  +0.094   +0.379 +0.274 +0.784  [-0.59,+0.87]  +13.565   +0.007       +18.093 -0.522
        -1      M  2006-03-31  2204     -0.028   -0.035    -0.162  -0.200   -0.455 -0.563 +0.573  [-0.98,+0.53]  +13.449   +0.007       -21.162 -0.481
NR1      1      D  2005-03-31  2457     -0.097   -0.492    -0.549  -2.759   -1.724 -8.671 +0.000  [-3.47,-2.09] +790.930   +0.395        -1.224 -0.993
        -1      D  2005-03-31  2457     +0.097   -0.298    +0.549  -1.707   +1.724 -5.365 +0.000  [-2.53,-1.01] +789.911   +0.395        +1.225 -0.954
NR5      1      W  2005-04-08  2451     -0.191   -0.273    -1.035  -1.483   -2.857 -4.077 +0.000  [-2.07,-0.89] +164.884   +0.082       -11.584 -0.942
        -1      W  2005-04-08  2451     +0.185   +0.103    +1.027  +0.569   +2.959 +1.651 +0.099  [-0.10,+1.20] +163.887   +0.082       +11.286 -0.370
NR21     1      M  2005-04-29  2436     -0.007   -0.027    -0.042  -0.158   -0.145 -0.548 +0.583  [-0.74,+0.39]  +39.030   +0.020        -1.794 -0.404
        -1      M  2005-04-29  2436     +0.019   -0.000    +0.110  -0.001   +0.393 -0.002 +0.998  [-0.50,+0.55]  +38.874   +0.019        +4.969 -0.441
NR12_1   1      M  2006-03-31  2204     +0.015   +0.008    +0.079  +0.043   +0.228 +0.123 +0.902  [-0.62,+0.83]  +13.776   +0.007       +10.898 -0.535
        -1      M  2006-03-31  2204     -0.019   -0.026    -0.109  -0.148   -0.304 -0.412 +0.680  [-0.93,+0.58]  +13.646   +0.007       -14.073 -0.493
SP21     1      M  2005-03-31  2457     +0.008   -0.011    +0.046  -0.066   +0.162 -0.232 +0.816  [-0.64,+0.46]  +37.268   +0.019        +2.053 -0.353
        -1      M  2005-03-31  2457     +0.001   -0.018    +0.004  -0.101   +0.015 -0.377 +0.706  [-0.60,+0.41]  +37.103   +0.019        +0.192 -0.461
SP12_1   1      M  2005-12-30  2266     -0.015   -0.027    -0.077  -0.136   -0.279 -0.490 +0.624  [-0.64,+0.39]  +23.408   +0.012        -6.618 -0.570
        -1      M  2005-12-30  2266     +0.032   +0.020    +0.166  +0.105   +0.577 +0.366 +0.715  [-0.45,+0.64]  +23.255   +0.012       +13.664 -0.417
MOM12_1  1      M  2005-12-30  2266     +0.004   -0.003    +0.017  -0.013   +0.055 -0.041 +0.967  [-0.59,+0.68]  +13.905   +0.007        +2.849 -0.574
        -1      M  2005-12-30  2266     -0.002   -0.009    -0.012  -0.046   -0.035 -0.132 +0.895  [-0.79,+0.61]  +13.681   +0.007        -1.780 -0.493
REV5     1      W  2005-01-07  2513     -0.219   -0.302    -1.144  -1.576   -3.220 -4.416 +0.000  [-2.13,-1.04] +165.407   +0.083       -13.268 -0.960
        -1      W  2005-01-07  2513     +0.213   +0.131    +1.136  +0.695   +3.352 +2.062 +0.039  [+0.10,+1.28] +164.277   +0.082       +12.947 -0.297
REV21    1      M  2005-02-28  2479     -0.006   -0.026    -0.037  -0.152   -0.129 -0.531 +0.595  [-0.73,+0.41]  +38.953   +0.019        -1.601 -0.375
        -1      M  2005-02-28  2479     +0.017   -0.002    +0.098  -0.013   +0.347 -0.048 +0.962  [-0.55,+0.54]  +38.768   +0.019        +4.396 -0.417
IREV5    1      W  2005-01-07  2513     -0.141   -0.224    -1.122  -1.774   -3.063 -4.823 +0.000  [-2.38,-1.18] +164.672   +0.082        -8.585 -0.903
        -1      W  2005-01-07  2513     +0.136   +0.054    +1.100  +0.437   +3.084 +1.235 +0.217  [-0.22,+1.10] +163.975   +0.082        +8.323 -0.356

frozen signs (by design gross mean): {'LR1': -1, 'LR5': -1, 'LR21': 1, 'LR12_1': 1, 'NR1': -1, 'NR5': -1, 'NR21': -1, 'NR12_1': 1, 'SP21': 1, 'SP12_1': -1, 'MOM12_1': 1, 'REV5': -1, 'REV21': -1, 'IREV5': -1}

== DESIGN long-only top quintile vs equal-weight 83 (same schedule, 5 bp), Sharpe net of RF
         sign  LO_ann_net  LO_SR_net_xRF  EW_ann_net  EW_SR_net_xRF  LO_turn_yr
signal                                                                         
LR1        -1      +0.029         +0.055      +0.164         +0.710    +394.800
LR5        -1      +0.241         +0.828      +0.163         +0.709     +82.698
LR21        1      +0.182         +0.696      +0.164         +0.717     +18.727
LR12_1      1      +0.182         +0.704      +0.151         +0.638      +6.006
NR1        -1      +0.052         +0.144      +0.164         +0.710    +394.714
NR5        -1      +0.243         +0.836      +0.163         +0.709     +82.525
NR21       -1      +0.164         +0.583      +0.164         +0.717     +19.449
NR12_1      1      +0.172         +0.667      +0.151         +0.638      +6.381
SP21        1      +0.145         +0.592      +0.159         +0.694     +18.678
SP12_1     -1      +0.185         +0.620      +0.154         +0.655     +11.267
MOM12_1     1      +0.152         +0.622      +0.154         +0.655      +6.467
REV5       -1      +0.257         +0.881      +0.161         +0.702     +82.733
REV21      -1      +0.155         +0.531      +0.156         +0.680     +19.249
IREV5      -1      +0.213         +0.775      +0.161         +0.702     +82.579
